../Core/Src/main.c:80:5:main	8	static
../Core/Src/main.c:145:6:SystemClock_Config	88	static
../Core/Src/main.c:192:13:MX_ADC1_Init	24	static
../Core/Src/main.c:244:13:MX_TIM1_Init	56	static
../Core/Src/main.c:294:13:MX_TIM2_Init	56	static
../Core/Src/main.c:343:13:MX_TIM4_Init	48	static
../Core/Src/main.c:404:13:MX_USART2_UART_Init	8	static
../Core/Src/main.c:435:13:MX_DMA_Init	16	static
../Core/Src/main.c:453:13:MX_GPIO_Init	48	static
../Core/Src/main.c:506:6:HAL_GPIO_EXTI_Callback	16	static
../Core/Src/main.c:528:6:Error_Handler	4	static,ignoring_inline_asm
