../Core/Src/main.c:82:5:main	8	static
../Core/Src/main.c:155:6:SystemClock_Config	88	static
../Core/Src/main.c:202:13:MX_ADC1_Init	24	static
../Core/Src/main.c:254:13:MX_TIM1_Init	56	static
../Core/Src/main.c:304:13:MX_TIM2_Init	56	static
../Core/Src/main.c:353:13:MX_TIM4_Init	48	static
../Core/Src/main.c:414:13:MX_USART2_UART_Init	8	static
../Core/Src/main.c:445:13:MX_DMA_Init	16	static
../Core/Src/main.c:463:13:MX_GPIO_Init	48	static
../Core/Src/main.c:516:6:HAL_GPIO_EXTI_Callback	16	static
../Core/Src/main.c:532:20:Get_HADC1_Ptr	4	static
../Core/Src/main.c:544:6:Error_Handler	4	static,ignoring_inline_asm
